let not: fn(b: Bool) -> Bool = fn(b: Bool) => match b {
    true => false,
    false => true,
};

let not_true: #error = false;

let not_false: #error = true;

let not_not_true: #error = true;

let not_not_false: #error = false;