let id : fn(A : Type, x : A) -> A = fn(A : Type, x : A) => x;
