let not : fn(b : Bool) -> Bool = fn(b : Bool) => match b {
true => false,
false => true};

let not_true : Bool = false;

let not_false : Bool = true;

let not_not_true : Bool = true;

let not_not_false : Bool = false;
