let f: fn(b: Bool) -> match b {
    false => Type,
    true => Bool,
} = fn(x: Bool) -> match x {
    false => Type,
    true => false,
};